65 14 5
                                                                                                                                                                                                   
                                                                                                                                                                                                   
                                                                                                                                                                                                   
                                                                                                                                                                                                   
                                                                                                                                                                                                   
                                                                                                                                                                                                   
                           +-------------+   +-------------+         +-------------+   +-------------+                                                                                             
                           |B  B  B  B  B|---|B  B  B  B  B|         |B  B  B  B  B|---|B  B  B  B  B|                                                                                             
                           |             |   |             |         |             |   |             |                                                                                             
                           |             |+--               --+      |             |+--               --+                                                                                          
                           |B  B  B  B  B||B  B  B  B  B  B  B|      |B  B  B  B  B||B  B  B  B  B  B  B|                  ------------------------------------------------------------------------
                           |             ||                   |      |             ||                   |                 /                                                           /            
                           |             ||                   |      |             ||                   |               /                                                           /              
                           |B  B  B  B  B||B  B  B  B  B  B  B|      |B  B  B  B  B||B  B  B  B  B  B  B|               ------------------------------------------------------------               
                           |             |+--               --+      |             |+--               --+              /                                                           /               
                           |             |   |             |         |             |   |             |               /                                                           /                 
                           |B  B  B  B  B|   |B  B  B  B  B|         |B  B  B  B  B|   |B  B  B  B  B|               ------------------------------------------------------------                  
                           +-------------+   +-------------+         +-------------+   +-------------+              /                                                           /                  
                                                                                                                  /                                                           /                    
   ------------------------=^==^==^=------------=^==^==^=------------=^==^==^=------------=^==^==^=---------------------------------------------------------------------------                     
                       /               \    /               \    /               \    /                  \       /                                                           /                     
                     /                   \/                   \/                   \/                      \   /                                                           /                       
   ------------------------------------------------------------------------------------------------------------------------------------------------------------------------                        
                        \                      /\                   /\                            /                                                                                                
                          \                  /    \               /    \                        /                                                                                                  
                           ------=v==v==v=------------=v==v==v=------------=v==v==v=------------                                                                                                   
                                                                                             \                                                                                                     
                              +----+   +----+      +----+   +----+      +----------+           \                                                                                                   
                              |B  B|   |B  B|      |B  B|   |B  B|      |B  B  B  B|=<=------------------                                                                                          
                              |    |   |    |      |    |   |    |      |          |        /                                                                                                      
                              |     ---     |      |     ---     |      |          |      /                                                                                                        
                              |B  B  B  B  B|      |B  B  B  B  B|      |B  B  B  B|=<=---                                                                                                         
                              +--         --+      +--         --+      +-----     |                                                                                                               
                                 |       |            |       |               |    |                                                                                                               
                                 |B  B  B|            |B  B  B|               |B  B|                                                                                                               
                                 +-------+            +-------+               +----+                                                                                                               
                                                                                                                                                                                                   
                                                                                                                                                                                                   
                                                                                                                                                                                                   
                                                                                                                                                                                                   
                                                                                                                                                                                                   
                                                                                                                                                                                                   
|.............||.............||.............||.............||.............||.............||.............||.............||.............||.............||.............||.............||.............|
L 41 4 1
P 42 4 1 20
P 43 4 1 20
P 44 4 1 20
P 45 4 1 20
P 46 4 1 20
P 47 4 1 20
B 43 5 1 20
B 44 5 1 20
B 45 5 1 20
B 46 5 1 20
T 47 5 1 20
T 48 5 1 20
H 42 6 1 20
H 43 6 1 20
H 44 6 1 20
H 45 6 1 20
H 46 6 1 20
H 47 6 1 20
D 18 8 1 20
D 19 8 1 20
D 20 8 1 20
G 30 6 1 20
G 31 6 1 20
G 32 6 1 20
L 32 9 1
T 28 9 1 20
